
******** Loading object StaticMesh4'LM__Black1.LM__Black1' ********

Dropping SpeedTree and material data for StaticMesh mesh/LM__Black1.LM__Black1

******** Loading object StaticMesh4'LM__BrushedAluminum.LM__BrushedAluminum' ********

Dropping SpeedTree and material data for StaticMesh mesh/LM__BrushedAluminum.LM__BrushedAluminum

******** Loading object StaticMesh4'LM__Burnt.LM__Burnt' ********

Dropping SpeedTree and material data for StaticMesh mesh/LM__Burnt.LM__Burnt

******** Loading object StaticMesh4'LM__Chairgray.LM__Chairgray' ********

Dropping SpeedTree and material data for StaticMesh mesh/LM__Chairgray.LM__Chairgray

******** Loading object StaticMesh4'LM__CharcoalTrim.LM__CharcoalTrim' ********

Dropping SpeedTree and material data for StaticMesh mesh/LM__CharcoalTrim.LM__CharcoalTrim

******** Loading object StaticMesh4'LM__Color00.LM__Color00' ********

Dropping SpeedTree and material data for StaticMesh mesh/LM__Color00.LM__Color00

******** Loading object StaticMesh4'LM__Color04.LM__Color04' ********

Dropping SpeedTree and material data for StaticMesh mesh/LM__Color04.LM__Color04

******** Loading object StaticMesh4'LM__Color05.LM__Color05' ********

Dropping SpeedTree and material data for StaticMesh mesh/LM__Color05.LM__Color05

******** Loading object StaticMesh4'LM__Color06.LM__Color06' ********

Dropping SpeedTree and material data for StaticMesh mesh/LM__Color06.LM__Color06

******** Loading object StaticMesh4'LM__Color_03.LM__Color_03' ********

Dropping SpeedTree and material data for StaticMesh mesh/LM__Color_03.LM__Color_03

******** Loading object StaticMesh4'LM__Color_07.LM__Color_07' ********

Dropping SpeedTree and material data for StaticMesh mesh/LM__Color_07.LM__Color_07

******** Loading object StaticMesh4'LM__Color_c2.LM__Color_c2' ********

Dropping SpeedTree and material data for StaticMesh mesh/LM__Color_c2.LM__Color_c2

******** Loading object StaticMesh4'LM__Color_H1.LM__Color_H1' ********

Dropping SpeedTree and material data for StaticMesh mesh/LM__Color_H1.LM__Color_H1

******** Loading object StaticMesh4'LM__ColorA0.LM__ColorA0' ********

Dropping SpeedTree and material data for StaticMesh mesh/LM__ColorA0.LM__ColorA0

******** Loading object StaticMesh4'LM__ColorA1.LM__ColorA1' ********

Dropping SpeedTree and material data for StaticMesh mesh/LM__ColorA1.LM__ColorA1

******** Loading object StaticMesh4'LM__DimGray.LM__DimGray' ********

Dropping SpeedTree and material data for StaticMesh mesh/LM__DimGray.LM__DimGray

******** Loading object StaticMesh4'LM__FabricBrown.LM__FabricBrown' ********

Dropping SpeedTree and material data for StaticMesh mesh/LM__FabricBrown.LM__FabricBrown

******** Loading object StaticMesh4'LM__Leather.LM__Leather' ********

Dropping SpeedTree and material data for StaticMesh mesh/LM__Leather.LM__Leather

******** Loading object StaticMesh4'LM__Leather2.LM__Leather2' ********

Dropping SpeedTree and material data for StaticMesh mesh/LM__Leather2.LM__Leather2

******** Loading object StaticMesh4'LM__LightGr.LM__LightGr' ********

Dropping SpeedTree and material data for StaticMesh mesh/LM__LightGr.LM__LightGr

******** Loading object StaticMesh4'LM__Materi04.LM__Materi04' ********

Dropping SpeedTree and material data for StaticMesh mesh/LM__Materi04.LM__Materi04

******** Loading object StaticMesh4'LM__Material.LM__Material' ********

Dropping SpeedTree and material data for StaticMesh mesh/LM__Material.LM__Material

******** Loading object StaticMesh4'LM__Material53.LM__Material53' ********

Dropping SpeedTree and material data for StaticMesh mesh/LM__Material53.LM__Material53

******** Loading object StaticMesh4'LM__Metal_Co.LM__Metal_Co' ********

Dropping SpeedTree and material data for StaticMesh mesh/LM__Metal_Co.LM__Metal_Co

******** Loading object StaticMesh4'LM__Metal_Steelplate.LM__Metal_Steelplate' ********

Dropping SpeedTree and material data for StaticMesh mesh/LM__Metal_Steelplate.LM__Metal_Steelplate

******** Loading object StaticMesh4'LM__VoyagerGray.LM__VoyagerGray' ********

Dropping SpeedTree and material data for StaticMesh mesh/LM__VoyagerGray.LM__VoyagerGray

******** Loading object StaticMesh4'LM__White.LM__White' ********

Dropping SpeedTree and material data for StaticMesh mesh/LM__White.LM__White
